# Simple test of breadth-first search algorithm.
# Verifies that it can find a path to itself when there are no
# edges in the graph and when there are only an edge to itself
# in the graph

created graph characters

added node A to characters

path from A to A:

added edge aEdgeA from A to A in characters

path from A to A: