Menu:
r to find a route
b to see a list of all buildings
q to quit

Enter an option ('m' to see the menu): # buildings not in Campus Paths
Abbreviated name of starting building: Abbreviated name of ending building: Unknown building: r

Enter an option ('m' to see the menu): Abbreviated name of starting building: Abbreviated name of ending building: Unknown building: r

Enter an option ('m' to see the menu): Abbreviated name of starting building: Abbreviated name of ending building: Unknown building: r
Unknown building: r

Enter an option ('m' to see the menu):